Avinash Reddy T@DESKTOP-R3UTFER MINGW64 ~
$ cd /e

Avinash Reddy T@DESKTOP-R3UTFER MINGW64 /e
$ mkdir
mkdir: missing operand
Try 'mkdir --help' for more information.

Avinash Reddy T@DESKTOP-R3UTFER MINGW64 /e
$ mkdir GIT

Avinash Reddy T@DESKTOP-R3UTFER MINGW64 /e
$ cd /GIT
bash: cd: /GIT: No such file or directory

Avinash Reddy T@DESKTOP-R3UTFER MINGW64 /e
$ cd GIT

Avinash Reddy T@DESKTOP-R3UTFER MINGW64 /e/GIT
$ pwd
/e/GIT

Avinash Reddy T@DESKTOP-R3UTFER MINGW64 /e/GIT
$ git config --global user.name "tavinashreddy"

Avinash Reddy T@DESKTOP-R3UTFER MINGW64 /e/GIT
$ git config --global user.email "thiyyaguraavi@gmail.com"

Avinash Reddy T@DESKTOP-R3UTFER MINGW64 /e/GIT
$ git clone https://github.com/varunkumarmedam/ccc_test.git
Cloning into 'ccc_test'...
remote: Enumerating objects: 169, done.
remote: Total 169 (delta 0), reused 0 (delta 0), pack-reused 169
Receiving objects: 100% (169/169), 26.85 MiB | 305.00 KiB/s, done.
Resolving deltas: 100% (45/45), done.

Avinash Reddy T@DESKTOP-R3UTFER MINGW64 /e/GIT
$ ls
ccc_test/

Avinash Reddy T@DESKTOP-R3UTFER MINGW64 /e/GIT
$ cd ccc_test/

Avinash Reddy T@DESKTOP-R3UTFER MINGW64 /e/GIT/ccc_test (master)
$ cd..
bash: cd..: command not found

Avinash Reddy T@DESKTOP-R3UTFER MINGW64 /e/GIT/ccc_test (master)
$ git checkout ccc_test
error: pathspec 'ccc_test' did not match any file(s) known to git

Avinash Reddy T@DESKTOP-R3UTFER MINGW64 /e/GIT/ccc_test (master)
$ cd ..

Avinash Reddy T@DESKTOP-R3UTFER MINGW64 /e/GIT
$ git clone https://github.com/tavinashreddy/java.git
Cloning into 'java'...
remote: Enumerating objects: 3, done.
remote: Counting objects: 100% (3/3), done.
remote: Total 3 (delta 0), reused 0 (delta 0), pack-reused 0
Unpacking objects: 100% (3/3), done.

Avinash Reddy T@DESKTOP-R3UTFER MINGW64 /e/GIT
$ cd java

Avinash Reddy T@DESKTOP-R3UTFER MINGW64 /e/GIT/java (master)
$ git status
On branch master
Your branch is up to date with 'origin/master'.

nothing to commit, working tree clean

Avinash Reddy T@DESKTOP-R3UTFER MINGW64 /e/GIT/java (master)
$ ls
java_datatypes.java  java_datatypes.txt  README.md

Avinash Reddy T@DESKTOP-R3UTFER MINGW64 /e/GIT/java (master)
$ rm java_datatypes.
java_datatypes.java  java_datatypes.txt

Avinash Reddy T@DESKTOP-R3UTFER MINGW64 /e/GIT/java (master)
$ rm java_datatypes.txt

Avinash Reddy T@DESKTOP-R3UTFER MINGW64 /e/GIT/java (master)
$ ls
java_datatypes.java  README.md

Avinash Reddy T@DESKTOP-R3UTFER MINGW64 /e/GIT/java (master)
$ git status
On branch master
Your branch is up to date with 'origin/master'.

Untracked files:
  (use "git add <file>..." to include in what will be committed)

        java_datatypes.java

nothing added to commit but untracked files present (use "git add" to track)

Avinash Reddy T@DESKTOP-R3UTFER MINGW64 /e/GIT/java (master)
$ git add java_datatypes.java

Avinash Reddy T@DESKTOP-R3UTFER MINGW64 /e/GIT/java (master)
$ git commit java_datatypes.java
Aborting commit due to empty commit message.

Avinash Reddy T@DESKTOP-R3UTFER MINGW64 /e/GIT/java (master)
$ git commit -m "first code" java_datatypes.java
[master 92c3146] first code
 1 file changed, 6 insertions(+)
 create mode 100644 java_datatypes.java

Avinash Reddy T@DESKTOP-R3UTFER MINGW64 /e/GIT/java (master)
$ git push -u origin master
Enumerating objects: 4, done.
Counting objects: 100% (4/4), done.
Delta compression using up to 8 threads
Compressing objects: 100% (3/3), done.
Writing objects: 100% (3/3), 371 bytes | 92.00 KiB/s, done.
Total 3 (delta 0), reused 0 (delta 0)
To https://github.com/tavinashreddy/java.git
   c53c495..92c3146  master -> master
Branch 'master' set up to track remote branch 'master' from 'origin'.

Avinash Reddy T@DESKTOP-R3UTFER MINGW64 /e/GIT/java (master)
$ git pull
remote: Enumerating objects: 5, done.
remote: Counting objects: 100% (5/5), done.
remote: Compressing objects: 100% (3/3), done.
remote: Total 3 (delta 0), reused 0 (delta 0), pack-reused 0
Unpacking objects: 100% (3/3), done.
From https://github.com/tavinashreddy/java
   92c3146..6968886  master     -> origin/master
Updating 92c3146..6968886
Fast-forward
 java_datatypes.java | 4 ++--
 1 file changed, 2 insertions(+), 2 deletions(-)

Avinash Reddy T@DESKTOP-R3UTFER MINGW64 /e/GIT/java (master)
$ git status
On branch master
Your branch is up to date with 'origin/master'.

nothing to commit, working tree clean

Avinash Reddy T@DESKTOP-R3UTFER MINGW64 /e/GIT/java (master)
$ git status
On branch master
Your branch is up to date with 'origin/master'.

Changes not staged for commit:
  (use "git add <file>..." to update what will be committed)
  (use "git checkout -- <file>..." to discard changes in working directory)

        modified:   java_datatypes.java

no changes added to commit (use "git add" and/or "git commit -a")

Avinash Reddy T@DESKTOP-R3UTFER MINGW64 /e/GIT/java (master)
$ git status
On branch master
Your branch is up to date with 'origin/master'.

Changes not staged for commit:
  (use "git add <file>..." to update what will be committed)
  (use "git checkout -- <file>..." to discard changes in working directory)

        modified:   java_datatypes.java

no changes added to commit (use "git add" and/or "git commit -a")

Avinash Reddy T@DESKTOP-R3UTFER MINGW64 /e/GIT/java (master)
$ git add java_datatypes.java

Avinash Reddy T@DESKTOP-R3UTFER MINGW64 /e/GIT/java (master)
$ git status
On branch master
Your branch is up to date with 'origin/master'.

Changes to be committed:
  (use "git reset HEAD <file>..." to unstage)

        modified:   java_datatypes.java


Avinash Reddy T@DESKTOP-R3UTFER MINGW64 /e/GIT/java (master)
$ git commit -m "first code" java_datatypes.java
[master 914e46a] first code
 1 file changed, 1 insertion(+), 1 deletion(-)

Avinash Reddy T@DESKTOP-R3UTFER MINGW64 /e/GIT/java (master)
$ git status
On branch master
Your branch is ahead of 'origin/master' by 1 commit.
  (use "git push" to publish your local commits)

nothing to commit, working tree clean

Avinash Reddy T@DESKTOP-R3UTFER MINGW64 /e/GIT/java (master)
$ git push -u origin master
Enumerating objects: 5, done.
Counting objects: 100% (5/5), done.
Delta compression using up to 8 threads
Compressing objects: 100% (3/3), done.
Writing objects: 100% (3/3), 373 bytes | 74.00 KiB/s, done.
Total 3 (delta 0), reused 0 (delta 0)
To https://github.com/tavinashreddy/java.git
   6968886..914e46a  master -> master
Branch 'master' set up to track remote branch 'master' from 'origin'.

Avinash Reddy T@DESKTOP-R3UTFER MINGW64 /e/GIT/java (master)
$ git log
commit 914e46a32c4d52a88f1b83e6c6ac386aaa4c4703 (HEAD -> master, origin/master, origin/HEAD)
Author: tavinashreddy <thiyyaguraavi@gmail.com>
Date:   Sat Feb 23 23:33:23 2019 +0530

    first code

commit 6968886f3fc1cd0900109fc9e7159b427a08ec7e
Author: tavinashreddy <43197243+tavinashreddy@users.noreply.github.com>
Date:   Sat Feb 23 23:29:13 2019 +0530

    Update java_datatypes.java

commit 92c31460df4edb173b72a4ec869c2200646a9f8c
Author: tavinashreddy <thiyyaguraavi@gmail.com>
Date:   Sat Feb 23 23:26:31 2019 +0530

    first code

commit c53c49576e7b2a709f1cfe36a3b6736036be5a91
Author: tavinashreddy <43197243+tavinashreddy@users.noreply.github.com>
Date:   Sat Feb 23 23:16:40 2019 +0530

    Initial commit

Avinash Reddy T@DESKTOP-R3UTFER MINGW64 /e/GIT/java (master)
$ git reset HEAD c53c49576e7b2a709f1cfe36a3b6736036be5a91

Avinash Reddy T@DESKTOP-R3UTFER MINGW64 /e/GIT/java (master)
$ git add java_datatypes.java

Avinash Reddy T@DESKTOP-R3UTFER MINGW64 /e/GIT/java (master)
$ git commit java_datatypes.java
On branch master
Your branch is up to date with 'origin/master'.

nothing to commit, working tree clean

Avinash Reddy T@DESKTOP-R3UTFER MINGW64 /e/GIT/java (master)
$ git reset 914e46a32c4d52a88f1b83e6c6ac386aaa4c4703

Avinash Reddy T@DESKTOP-R3UTFER MINGW64 /e/GIT/java (master)
$ git reset HEAD 914e46a32c4d52a88f1b83e6c6ac386aaa4c4703

Avinash Reddy T@DESKTOP-R3UTFER MINGW64 /e/GIT/java (master)
$ git status
On branch master
Your branch is up to date with 'origin/master'.

Changes not staged for commit:
  (use "git add <file>..." to update what will be committed)
  (use "git checkout -- <file>..." to discard changes in working directory)

        modified:   java_datatypes.java

no changes added to commit (use "git add" and/or "git commit -a")

Avinash Reddy T@DESKTOP-R3UTFER MINGW64 /e/GIT/java (master)
$ git checkout
M       java_datatypes.java
Your branch is up to date with 'origin/master'.

Avinash Reddy T@DESKTOP-R3UTFER MINGW64 /e/GIT/java (master)
$ git status
On branch master
Your branch is up to date with 'origin/master'.

Changes not staged for commit:
  (use "git add <file>..." to update what will be committed)
  (use "git checkout -- <file>..." to discard changes in working directory)

        modified:   java_datatypes.java

no changes added to commit (use "git add" and/or "git commit -a")

Avinash Reddy T@DESKTOP-R3UTFER MINGW64 /e/GIT/java (master)
$ git checkout java_datatypes.java

Avinash Reddy T@DESKTOP-R3UTFER MINGW64 /e/GIT/java (master)
$ git checkout -- java_datatypes.java

Avinash Reddy T@DESKTOP-R3UTFER MINGW64 /e/GIT/java (master)
$ git status
On branch master
Your branch is up to date with 'origin/master'.

nothing to commit, working tree clean

Avinash Reddy T@DESKTOP-R3UTFER MINGW64 /e/GIT/java (master)
$ git add java_datatypes.java

Avinash Reddy T@DESKTOP-R3UTFER MINGW64 /e/GIT/java (master)
$ git status
On branch master
Your branch is up to date with 'origin/master'.

Changes to be committed:
  (use "git reset HEAD <file>..." to unstage)

        modified:   java_datatypes.java


Avinash Reddy T@DESKTOP-R3UTFER MINGW64 /e/GIT/java (master)
$ git commit java_datatypes.java
Aborting commit due to empty commit message.

Avinash Reddy T@DESKTOP-R3UTFER MINGW64 /e/GIT/java (master)
$ git commit -m "hello to hello world" java_datatypes.java
[master 1cd9eca] hello to hello world
 1 file changed, 1 insertion(+), 1 deletion(-)

Avinash Reddy T@DESKTOP-R3UTFER MINGW64 /e/GIT/java (master)
$ git log
commit 1cd9eca9f7c6c8400b904b8f2bb851d1e9361d23 (HEAD -> master)
Author: tavinashreddy <thiyyaguraavi@gmail.com>
Date:   Sat Feb 23 23:49:36 2019 +0530

    hello to hello world

commit 914e46a32c4d52a88f1b83e6c6ac386aaa4c4703 (origin/master, origin/HEAD)
Author: tavinashreddy <thiyyaguraavi@gmail.com>
Date:   Sat Feb 23 23:33:23 2019 +0530

    first code

commit 6968886f3fc1cd0900109fc9e7159b427a08ec7e
Author: tavinashreddy <43197243+tavinashreddy@users.noreply.github.com>
Date:   Sat Feb 23 23:29:13 2019 +0530

    Update java_datatypes.java

commit 92c31460df4edb173b72a4ec869c2200646a9f8c
Author: tavinashreddy <thiyyaguraavi@gmail.com>
Date:   Sat Feb 23 23:26:31 2019 +0530

    first code

commit c53c49576e7b2a709f1cfe36a3b6736036be5a91
Author: tavinashreddy <43197243+tavinashreddy@users.noreply.github.com>
Date:   Sat Feb 23 23:16:40 2019 +0530

    Initial commit

Avinash Reddy T@DESKTOP-R3UTFER MINGW64 /e/GIT/java (master)
$ git revert 1cd9eca9f7c6c8400b904b8f2bb851d1e9361d23
[master 59d2e2f] Revert "hello to hello world"
 1 file changed, 1 insertion(+), 1 deletion(-)

Avinash Reddy T@DESKTOP-R3UTFER MINGW64 /e/GIT/java (master)
$ git reset --hard 92c31460df4edb173b72a4ec869c2200646a9f8c
HEAD is now at 92c3146 first code

Avinash Reddy T@DESKTOP-R3UTFER MINGW64 /e/GIT/java (master)
$ git pull
Updating 92c3146..914e46a
Fast-forward
 java_datatypes.java | 4 ++--
 1 file changed, 2 insertions(+), 2 deletions(-)

Avinash Reddy T@DESKTOP-R3UTFER MINGW64 /e/GIT/java (master)
$ git log
commit 914e46a32c4d52a88f1b83e6c6ac386aaa4c4703 (HEAD -> master, origin/master, origin/HEAD)
Author: tavinashreddy <thiyyaguraavi@gmail.com>
Date:   Sat Feb 23 23:33:23 2019 +0530

    first code

commit 6968886f3fc1cd0900109fc9e7159b427a08ec7e
Author: tavinashreddy <43197243+tavinashreddy@users.noreply.github.com>
Date:   Sat Feb 23 23:29:13 2019 +0530

    Update java_datatypes.java

commit 92c31460df4edb173b72a4ec869c2200646a9f8c
Author: tavinashreddy <thiyyaguraavi@gmail.com>
Date:   Sat Feb 23 23:26:31 2019 +0530

    first code

commit c53c49576e7b2a709f1cfe36a3b6736036be5a91
Author: tavinashreddy <43197243+tavinashreddy@users.noreply.github.com>
Date:   Sat Feb 23 23:16:40 2019 +0530

    Initial commit

Avinash Reddy T@DESKTOP-R3UTFER MINGW64 /e/GIT/java (master)
$ git revert 1cd9eca9f7c6c8400b904b8f2bb851d1e9361d23
On branch master
Your branch is up to date with 'origin/master'.

nothing to commit, working tree clean

Avinash Reddy T@DESKTOP-R3UTFER MINGW64 /e/GIT/java (master)
$ git status
On branch master
Your branch is up to date with 'origin/master'.

nothing to commit, working tree clean

Avinash Reddy T@DESKTOP-R3UTFER MINGW64 /e/GIT/java (master)
$
